[thememarch.com/demo/html/deconsult/deconsult/index.html]
[backblue.gif]
[fade.gif]
[index.html]
[thememarch.com/demo/html/deconsult/deconsult/assets/images/favicon.png]
[thememarch.com/demo/html/deconsult/deconsult/assets/images/favicon.ico]
[thememarch.com/demo/html/deconsult/deconsult/assets/images/logo/logo.png]
[thememarch.com/demo/html/deconsult/deconsult/index-textslider.html]
[thememarch.com/demo/html/deconsult/deconsult/index-videobg.html]
[thememarch.com/demo/html/deconsult/deconsult/index-ripplebg.html]
[thememarch.com/demo/html/deconsult/deconsult/about-us.html]
[thememarch.com/demo/html/deconsult/deconsult/portfolio.html]
[thememarch.com/demo/html/deconsult/deconsult/portfolio-details.html]
[thememarch.com/demo/html/deconsult/deconsult/portfolio-details-gallery.html]
[thememarch.com/demo/html/deconsult/deconsult/portfolio-details-video.html]
[thememarch.com/demo/html/deconsult/deconsult/shop.html]
[thememarch.com/demo/html/deconsult/deconsult/shop-left-sidebar.html]
[thememarch.com/demo/html/deconsult/deconsult/shop-4-column.html]
[thememarch.com/demo/html/deconsult/deconsult/shop-without-sidebar.html]
[thememarch.com/demo/html/deconsult/deconsult/product-details.html]
[thememarch.com/demo/html/deconsult/deconsult/product-details-left-sidebar.html]
[thememarch.com/demo/html/deconsult/deconsult/product-details-variable.html]
[thememarch.com/demo/html/deconsult/deconsult/product-details-without-sidebar.html]
[thememarch.com/demo/html/deconsult/deconsult/cart.html]
[thememarch.com/demo/html/deconsult/deconsult/checkout.html]
[thememarch.com/demo/html/deconsult/deconsult/my-account.html]
[thememarch.com/demo/html/deconsult/deconsult/blog.html]
[thememarch.com/demo/html/deconsult/deconsult/blog-left-sidebar.html]
[thememarch.com/demo/html/deconsult/deconsult/blog-3-column.html]
[thememarch.com/demo/html/deconsult/deconsult/blog-details.html]
[thememarch.com/demo/html/deconsult/deconsult/blog-details-left-sidebar.html]
[thememarch.com/demo/html/deconsult/deconsult/blog-details-without-sidebar.html]
[thememarch.com/demo/html/deconsult/deconsult/blog-details-audio.html]
[thememarch.com/demo/html/deconsult/deconsult/blog-details-video.html]
[thememarch.com/demo/html/deconsult/deconsult/blog-details-gallery.html]
[thememarch.com/demo/html/deconsult/deconsult/services.html]
[thememarch.com/demo/html/deconsult/deconsult/service-details.html]
[thememarch.com/demo/html/deconsult/deconsult/service-details-left-sidebar.html]
[thememarch.com/demo/html/deconsult/deconsult/faq.html]
[thememarch.com/demo/html/deconsult/deconsult/contact-us.html]
[thememarch.com/demo/html/deconsult/deconsult/404.html]
[thememarch.com/demo/html/deconsult/deconsult/assets/images/others/about-image.png]
[thememarch.com/demo/html/deconsult/deconsult/assets/images/bg/bg-image-1.jpg]
[thememarch.com/demo/html/deconsult/deconsult/assets/images/team/team-member-1.jpg]
[thememarch.com/demo/html/deconsult/deconsult/assets/images/team/team-member-2.jpg]
[thememarch.com/demo/html/deconsult/deconsult/assets/images/team/team-member-3.jpg]
[thememarch.com/demo/html/deconsult/deconsult/assets/images/team/team-member-4.jpg]
[thememarch.com/demo/html/deconsult/deconsult/assets/images/portfolio/portfolio-image-1.jpg]
[thememarch.com/demo/html/deconsult/deconsult/assets/images/portfolio/lg/portfolio-image-lg-1.jpg]
[thememarch.com/demo/html/deconsult/deconsult/assets/images/portfolio/portfolio-image-2.jpg]
[thememarch.com/demo/html/deconsult/deconsult/assets/images/portfolio/lg/portfolio-image-lg-2.jpg]
[thememarch.com/demo/html/deconsult/deconsult/assets/images/portfolio/lg/portfolio-image-lg-3.jpg]
[thememarch.com/demo/html/deconsult/deconsult/assets/images/portfolio/lg/portfolio-image-lg-4.jpg]
[thememarch.com/demo/html/deconsult/deconsult/assets/images/portfolio/portfolio-image-3.jpg]
[thememarch.com/demo/html/deconsult/deconsult/assets/images/portfolio/portfolio-image-4.jpg]
[thememarch.com/demo/html/deconsult/deconsult/assets/images/portfolio/portfolio-image-5.jpg]
[thememarch.com/demo/html/deconsult/deconsult/assets/images/portfolio/portfolio-image-6.jpg]
[thememarch.com/demo/html/deconsult/deconsult/assets/images/portfolio/lg/portfolio-image-lg-6.jpg]
[thememarch.com/demo/html/deconsult/deconsult/assets/images/bg/bg-image-2.jpg]
[thememarch.com/demo/html/deconsult/deconsult/assets/images/authors/author-image-4.jpg]
[thememarch.com/demo/html/deconsult/deconsult/assets/images/authors/author-image-3.jpg]
[thememarch.com/demo/html/deconsult/deconsult/assets/images/authors/author-image-2.jpg]
[thememarch.com/demo/html/deconsult/deconsult/assets/images/blog/blog-image-1.jpg]
[thememarch.com/demo/html/deconsult/deconsult/assets/images/blog/blog-image-5.jpg]
[thememarch.com/demo/html/deconsult/deconsult/assets/images/blog/blog-image-6.jpg]
[thememarch.com/demo/html/deconsult/deconsult/assets/images/blog/blog-image-7.jpg]
[thememarch.com/demo/html/deconsult/deconsult/assets/images/blog/blog-image-2.jpg]
[thememarch.com/demo/html/deconsult/deconsult/assets/images/brand-logo/brand-logo-1.png]
[thememarch.com/demo/html/deconsult/deconsult/assets/images/brand-logo/brand-logo-2.png]
[thememarch.com/demo/html/deconsult/deconsult/assets/images/brand-logo/brand-logo-3.png]
[thememarch.com/demo/html/deconsult/deconsult/assets/images/brand-logo/brand-logo-4.png]
[thememarch.com/demo/html/deconsult/deconsult/assets/images/brand-logo/brand-logo-5.png]
[thememarch.com/demo/html/deconsult/deconsult/assets/images/logo/logo-white.png]
[thememarch.com/demo/html/deconsult/deconsult/assets/images/blog/thumbnails/blog-thumbnail-1.jpg]
[thememarch.com/demo/html/deconsult/deconsult/assets/images/blog/thumbnails/blog-thumbnail-2.jpg]
[thememarch.com/demo/html/deconsult/deconsult/assets/images/blog/thumbnails/blog-thumbnail-3.jpg]
[thememarch.com/demo/html/deconsult/deconsult/assets/js/modernizr-3.6.0.min.js]
[thememarch.com/demo/html/deconsult/deconsult/assets/js/jquery.min.js]
[thememarch.com/demo/html/deconsult/deconsult/assets/js/popper.min.js]
[thememarch.com/demo/html/deconsult/deconsult/assets/js/bootstrap.min.js]
[thememarch.com/demo/html/deconsult/deconsult/assets/js/plugins.js]
[thememarch.com/demo/html/deconsult/deconsult/assets/js/chart.min.js]
[thememarch.com/demo/html/deconsult/deconsult/assets/js/chart-active.js]
[thememarch.com/demo/html/deconsult/deconsult/assets/js/main.js]
[thememarch.com/demo/html/deconsult/deconsult/index.html]
[thememarch.com/demo/html/deconsult/deconsult/assets/css/bootstrap.min.css]
[thememarch.com/demo/html/deconsult/deconsult/assets/images/ajax-loader.gif]
[thememarch.com/demo/html/deconsult/deconsult/assets/fonts/slick.eot]
[thememarch.com/demo/html/deconsult/deconsult/assets/fonts/slickd41d.eot]
[thememarch.com/demo/html/deconsult/deconsult/assets/fonts/slick.woff]
[thememarch.com/demo/html/deconsult/deconsult/assets/fonts/slick.ttf]
[thememarch.com/demo/html/deconsult/deconsult/assets/fonts/fontawesome-webfont3e6e.eot]
[thememarch.com/demo/html/deconsult/deconsult/assets/fonts/fontawesome-webfontd41d.eot]
[thememarch.com/demo/html/deconsult/deconsult/assets/fonts/fontawesome-webfont3e6e.woff2]
[thememarch.com/demo/html/deconsult/deconsult/assets/fonts/fontawesome-webfont3e6e.woff]
[thememarch.com/demo/html/deconsult/deconsult/assets/fonts/fontawesome-webfont3e6e.ttf]
[thememarch.com/demo/html/deconsult/deconsult/assets/fonts/lgd641.eot]
[thememarch.com/demo/html/deconsult/deconsult/assets/fonts/lgd41d.eot]
[thememarch.com/demo/html/deconsult/deconsult/assets/fonts/lgd641.woff]
[thememarch.com/demo/html/deconsult/deconsult/assets/fonts/lgd641.ttf]
[thememarch.com/demo/html/deconsult/deconsult/assets/img/vimeo-play.png]
[thememarch.com/demo/html/deconsult/deconsult/assets/img/video-play.png]
[thememarch.com/demo/html/deconsult/deconsult/assets/img/youtube-play.png]
[thememarch.com/demo/html/deconsult/deconsult/assets/img/loading.gif]
[thememarch.com/demo/html/deconsult/deconsult/assets/css/plugins.css]
[thememarch.com/demo/html/deconsult/deconsult/assets/images/bg/bg-image-3.jpg]
[thememarch.com/demo/html/deconsult/deconsult/assets/images/bg/bg-image-4.jpg]
[thememarch.com/demo/html/deconsult/deconsult/assets/images/bg/bg-image-5.jpg]
[thememarch.com/demo/html/deconsult/deconsult/assets/images/bg/bg-image-6.jpg]
[thememarch.com/demo/html/deconsult/deconsult/assets/images/bg/bg-image-7.jpg]
[thememarch.com/demo/html/deconsult/deconsult/assets/images/bg/bg-image-8.jpg]
[thememarch.com/demo/html/deconsult/deconsult/assets/images/bg/bg-image-9.jpg]
[thememarch.com/demo/html/deconsult/deconsult/assets/images/bg/bg-image-10.jpg]
[thememarch.com/demo/html/deconsult/deconsult/assets/images/bg/bg-image-11.jpg]
[thememarch.com/demo/html/deconsult/deconsult/assets/images/bg/bg-image-12.jpg]
[thememarch.com/demo/html/deconsult/deconsult/assets/images/bg/bg-image-13.jpg]
[thememarch.com/demo/html/deconsult/deconsult/assets/images/bg/bg-image-14.jpg]
[thememarch.com/demo/html/deconsult/deconsult/assets/images/bg/bg-image-15.jpg]
[thememarch.com/demo/html/deconsult/deconsult/assets/images/bg/bg-image-16.jpg]
[thememarch.com/demo/html/deconsult/deconsult/assets/images/bg/bg-image-17.jpg]
[thememarch.com/demo/html/deconsult/deconsult/assets/images/bg/bg-image-18.jpg]
[thememarch.com/demo/html/deconsult/deconsult/assets/images/bg/bg-image-19.jpg]
[thememarch.com/demo/html/deconsult/deconsult/assets/images/bg/bg-image-20.jpg]
[thememarch.com/demo/html/deconsult/deconsult/assets/images/icons/down-caret.png]
[thememarch.com/demo/html/deconsult/deconsult/assets/images/icons/long-right-arrow.png]
[thememarch.com/demo/html/deconsult/deconsult/assets/css/style.css]
[thememarch.com/demo/html/deconsult/deconsult/assets/css/custom.css]
[thememarch.com/demo/html/deconsult/deconsult/assets/images/hero/heroimage-1.jpg]
[thememarch.com/demo/html/deconsult/deconsult/index-textslider.html]
[thememarch.com/demo/html/deconsult/deconsult/assets/js/video-background.js]
[thememarch.com/demo/html/deconsult/deconsult/index-videobg.html]
[thememarch.com/demo/html/deconsult/deconsult/assets/images/hero/heroimage-3.jpg]
[thememarch.com/demo/html/deconsult/deconsult/assets/js/jquery.ripples.min.js]
[thememarch.com/demo/html/deconsult/deconsult/index-ripplebg.html]
[thememarch.com/demo/html/deconsult/deconsult/assets/images/bg/bg-breadcrumb.jpg]
[thememarch.com/demo/html/deconsult/deconsult/about-us.html]
[thememarch.com/demo/html/deconsult/deconsult/assets/images/portfolio/portfolio-image-7.jpg]
[thememarch.com/demo/html/deconsult/deconsult/assets/images/portfolio/lg/portfolio-image-lg-7.jpg]
[thememarch.com/demo/html/deconsult/deconsult/assets/images/portfolio/portfolio-image-8.jpg]
[thememarch.com/demo/html/deconsult/deconsult/assets/images/portfolio/lg/portfolio-image-lg-8.jpg]
[thememarch.com/demo/html/deconsult/deconsult/assets/images/portfolio/portfolio-image-9.jpg]
[thememarch.com/demo/html/deconsult/deconsult/assets/images/portfolio/lg/portfolio-image-lg-9.jpg]
[thememarch.com/demo/html/deconsult/deconsult/portfolio.html]
[thememarch.com/demo/html/deconsult/deconsult/portfolio-details.html]
[thememarch.com/demo/html/deconsult/deconsult/portfolio-details-gallery.html]
[thememarch.com/demo/html/deconsult/deconsult/portfolio-details-video.html]
[thememarch.com/demo/html/deconsult/deconsult/assets/images/product/product-image-1.jpg]
[thememarch.com/demo/html/deconsult/deconsult/assets/images/product/product-image-2.jpg]
[thememarch.com/demo/html/deconsult/deconsult/assets/images/product/product-image-3.jpg]
[thememarch.com/demo/html/deconsult/deconsult/assets/images/product/product-image-4.jpg]
[thememarch.com/demo/html/deconsult/deconsult/assets/images/product/product-image-5.jpg]
[thememarch.com/demo/html/deconsult/deconsult/assets/images/product/product-image-6.jpg]
[thememarch.com/demo/html/deconsult/deconsult/assets/images/product/product-image-7.jpg]
[thememarch.com/demo/html/deconsult/deconsult/assets/images/product/product-image-8.jpg]
[thememarch.com/demo/html/deconsult/deconsult/assets/images/product/product-image-9.jpg]
[thememarch.com/demo/html/deconsult/deconsult/assets/images/product/product-image-10.jpg]
[thememarch.com/demo/html/deconsult/deconsult/assets/images/product/product-image-11.jpg]
[thememarch.com/demo/html/deconsult/deconsult/assets/images/product/product-thumbnail/product-image-1.jpg]
[thememarch.com/demo/html/deconsult/deconsult/assets/images/product/product-thumbnail/product-image-2.jpg]
[thememarch.com/demo/html/deconsult/deconsult/assets/images/product/product-thumbnail/product-image-3.jpg]
[thememarch.com/demo/html/deconsult/deconsult/assets/images/product/product-thumbnail/product-image-4.jpg]
[thememarch.com/demo/html/deconsult/deconsult/shop.html]
[thememarch.com/demo/html/deconsult/deconsult/shop-left-sidebar.html]
[thememarch.com/demo/html/deconsult/deconsult/shop-4-column.html]
[thememarch.com/demo/html/deconsult/deconsult/shop-without-sidebar.html]
[thememarch.com/demo/html/deconsult/deconsult/assets/images/product/product-lg/product-image-lg-1.jpg]
[thememarch.com/demo/html/deconsult/deconsult/assets/images/product/product-lg/product-image-lg-2.jpg]
[thememarch.com/demo/html/deconsult/deconsult/assets/images/product/product-lg/product-image-lg-3.jpg]
[thememarch.com/demo/html/deconsult/deconsult/assets/images/product/product-lg/product-image-lg-4.jpg]
[thememarch.com/demo/html/deconsult/deconsult/assets/images/authors/author-image-1.jpg]
[thememarch.com/demo/html/deconsult/deconsult/product-details.html]
[thememarch.com/demo/html/deconsult/deconsult/product-details-left-sidebar.html]
[thememarch.com/demo/html/deconsult/deconsult/product-details-variable.html]
[thememarch.com/demo/html/deconsult/deconsult/product-details-without-sidebar.html]
[thememarch.com/demo/html/deconsult/deconsult/cart.html]
[thememarch.com/demo/html/deconsult/deconsult/checkout.html]
[thememarch.com/demo/html/deconsult/deconsult/login-register.html]
[thememarch.com/demo/html/deconsult/deconsult/my-account.html]
[thememarch.com/demo/html/deconsult/deconsult/assets/images/blog/blog-image-4.jpg]
[thememarch.com/demo/html/deconsult/deconsult/blog.html]
[thememarch.com/demo/html/deconsult/deconsult/blog-left-sidebar.html]
[thememarch.com/demo/html/deconsult/deconsult/assets/images/blog/blog-image-3.jpg]
[thememarch.com/demo/html/deconsult/deconsult/blog-3-column.html]
[thememarch.com/demo/html/deconsult/deconsult/assets/images/blog/lg/blog-image-lg-1.jpg]
[thememarch.com/demo/html/deconsult/deconsult/blog-details.html]
[thememarch.com/demo/html/deconsult/deconsult/blog-details-left-sidebar.html]
[thememarch.com/demo/html/deconsult/deconsult/blog-details-without-sidebar.html]
[thememarch.com/demo/html/deconsult/deconsult/blog-details-audio.html]
[thememarch.com/demo/html/deconsult/deconsult/blog-details-video.html]
[thememarch.com/demo/html/deconsult/deconsult/blog-details-gallery.html]
[thememarch.com/demo/html/deconsult/deconsult/services.html]
[thememarch.com/demo/html/deconsult/deconsult/assets/images/others/service-details.jpg]
[thememarch.com/demo/html/deconsult/deconsult/service-details.html]
[thememarch.com/demo/html/deconsult/deconsult/service-details-left-sidebar.html]
[thememarch.com/demo/html/deconsult/deconsult/faq.html]
[thememarch.com/demo/html/deconsult/deconsult/assets/js/google-map.js]
[thememarch.com/demo/html/deconsult/deconsult/assets/js/ajaxmail.js]
[thememarch.com/demo/html/deconsult/deconsult/contact-us.html]
[thememarch.com/demo/html/deconsult/deconsult/404.html]
[thememarch.com/demo/html/deconsult/deconsult/assets/fonts/Flaticon.eot]
[thememarch.com/demo/html/deconsult/deconsult/assets/fonts/Flaticond41d.eot]
[thememarch.com/demo/html/deconsult/deconsult/assets/fonts/Flaticon.woff]
[thememarch.com/demo/html/deconsult/deconsult/assets/fonts/Flaticon.ttf]
[thememarch.com/demo/html/deconsult/deconsult/assets/css/flaticon.min.css]
[thememarch.com/demo/html/deconsult/deconsult/assets/fonts/slick.svg]
[thememarch.com/demo/html/deconsult/deconsult/assets/fonts/fontawesome-webfont3e6e.svg]
[thememarch.com/demo/html/deconsult/deconsult/assets/fonts/lgd641.svg]
[thememarch.com/demo/html/deconsult/deconsult/assets/img/vimeo-play.html]
[thememarch.com/demo/html/deconsult/deconsult/assets/img/video-play.html]
[thememarch.com/demo/html/deconsult/deconsult/assets/img/youtube-play.html]
[thememarch.com/demo/html/deconsult/deconsult/assets/images/bg/bg-image-4.html]
[thememarch.com/demo/html/deconsult/deconsult/assets/images/bg/bg-image-5.html]
[thememarch.com/demo/html/deconsult/deconsult/assets/images/bg/bg-image-6.html]
[thememarch.com/demo/html/deconsult/deconsult/assets/images/bg/bg-image-7.html]
[thememarch.com/demo/html/deconsult/deconsult/assets/images/bg/bg-image-8.html]
[thememarch.com/demo/html/deconsult/deconsult/assets/images/bg/bg-image-9.html]
[thememarch.com/demo/html/deconsult/deconsult/assets/images/bg/bg-image-10.html]
[thememarch.com/demo/html/deconsult/deconsult/assets/images/bg/bg-image-11.html]
[thememarch.com/demo/html/deconsult/deconsult/assets/images/bg/bg-image-12.html]
[thememarch.com/demo/html/deconsult/deconsult/assets/images/bg/bg-image-13.html]
[thememarch.com/demo/html/deconsult/deconsult/assets/images/bg/bg-image-14.html]
[thememarch.com/demo/html/deconsult/deconsult/assets/images/bg/bg-image-15.html]
[thememarch.com/demo/html/deconsult/deconsult/assets/images/bg/bg-image-16.html]
[thememarch.com/demo/html/deconsult/deconsult/assets/images/bg/bg-image-17.html]
[thememarch.com/demo/html/deconsult/deconsult/assets/images/bg/bg-image-18.html]
[thememarch.com/demo/html/deconsult/deconsult/assets/images/bg/bg-image-19.html]
[thememarch.com/demo/html/deconsult/deconsult/assets/images/bg/bg-image-20.html]
[thememarch.com/demo/html/deconsult/deconsult/login-register.html]
[thememarch.com/demo/html/deconsult/deconsult/assets/fonts/Flaticon.svg]
